// Jest Snapshot v1, https://goo.gl/fbAQLP

exports[`Sign up form renders correctly 1`] = `
<div>
  <form
    class="flex flex-col gap-10"
  >
    <a
      class="text-2xl font-semibold"
      href="/"
    >
      Hirica â€¢ Hire and find job anonymously
    </a>
    <div
      class="flex flex-col gap-2"
    >
      <label
        for="email"
      >
        E-mail
      </label>
      <input
        class="rounded-full border-2 border-black p-4"
        name="email"
        placeholder="john.doe@email.com"
        required=""
        type="email"
      />
    </div>
    <div
      class="flex items-center justify-center gap-3"
    >
      <button
        class="rounded-full bg-black p-4 text-white hover:bg-black/80 "
        type="submit"
      >
        Next
      </button>
      <span>
        or continue with
      </span>
      <button
        class="rounded-full bg-black p-4 text-white hover:bg-black/80"
        type="submit"
      >
        Web 3.0
      </button>
      <button
        class="rounded-full bg-black p-4 text-white hover:bg-black/80"
        type="submit"
      >
        LinkedIn
      </button>
      <button
        class="rounded-full bg-black p-4 text-white hover:bg-black/80"
        type="submit"
      >
        GitHub
      </button>
    </div>
  </form>
</div>
`;
